09-07 07:31:11.739 16950 16971 I TestRunner: started: radio_buttons_update_entree_menu_subtotal(com.example.lunchtray.OrderFunctionalityTests)
09-07 07:31:11.754 16950 16971 W Settings: Setting always_finish_activities has moved from android.provider.Settings.System to android.provider.Settings.Global, returning read-only value.
09-07 07:31:11.792   883   974 D SplashScreenView: Build android.window.SplashScreenView{acdf3e5 V.E...... ......ID 0,0-0,0}
09-07 07:31:11.792   883   974 D SplashScreenView: Icon: view: null drawable: null size: 0
09-07 07:31:11.792   883   974 D SplashScreenView: Branding: view: android.view.View{21eceba G.ED..... ......I. 0,0-0,0 #10204a6 android:id/splashscreen_branding_view} drawable: null size w: 0 h: 0
09-07 07:31:11.842 16950 16950 D LifecycleMonitor: Lifecycle status change: androidx.test.core.app.InstrumentationActivityInvoker$BootstrapActivity@1ef8530 in: PRE_ON_CREATE
09-07 07:31:11.844 16950 16950 V ActivityScenario: Activity lifecycle changed event received but ignored because the intent does not match. startActivityIntent=Intent { act=android.intent.action.MAIN cat=[android.intent.category.LAUNCHER] cmp=com.example.lunchtray/androidx.fragment.app.testing.FragmentScenario$EmptyFragmentActivity (has extras) }, activity.getIntent()=Intent { act=android.intent.action.MAIN cat=[android.intent.category.LAUNCHER] flg=0x10008000 cmp=com.example.lunchtray/androidx.test.core.app.InstrumentationActivityInvoker$BootstrapActivity (has extras) }, activity=androidx.test.core.app.InstrumentationActivityInvoker$BootstrapActivity@1ef8530
09-07 07:31:11.868   361   386 D goldfish-address-space: claimShared: Ask to claim region [0x3f062c000 0x3f0fd0000]
09-07 07:31:11.902   361   386 D goldfish-address-space: claimShared: Ask to claim region [0x3f0fd0000 0x3f1974000]
09-07 07:31:11.906 16950 16950 D LifecycleMonitor: Lifecycle status change: androidx.test.core.app.InstrumentationActivityInvoker$BootstrapActivity@1ef8530 in: CREATED
09-07 07:31:11.908 16950 16950 V ActivityScenario: Activity lifecycle changed event received but ignored because the intent does not match. startActivityIntent=Intent { act=android.intent.action.MAIN cat=[android.intent.category.LAUNCHER] cmp=com.example.lunchtray/androidx.fragment.app.testing.FragmentScenario$EmptyFragmentActivity (has extras) }, activity.getIntent()=Intent { act=android.intent.action.MAIN cat=[android.intent.category.LAUNCHER] flg=0x10008000 cmp=com.example.lunchtray/androidx.test.core.app.InstrumentationActivityInvoker$BootstrapActivity (has extras) }, activity=androidx.test.core.app.InstrumentationActivityInvoker$BootstrapActivity@1ef8530
09-07 07:31:11.922  2018  2018 I GsaVoiceInteractionSrv: Handling ACTION_STOP_HOTWORD
09-07 07:31:11.925  2018  2018 E HwDetectorWithState: a: 3
09-07 07:31:11.936 16950 16950 D LifecycleMonitor: Lifecycle status change: androidx.test.core.app.InstrumentationActivityInvoker$BootstrapActivity@1ef8530 in: STARTED
09-07 07:31:11.948 16950 16950 V ActivityScenario: Activity lifecycle changed event received but ignored because the intent does not match. startActivityIntent=Intent { act=android.intent.action.MAIN cat=[android.intent.category.LAUNCHER] cmp=com.example.lunchtray/androidx.fragment.app.testing.FragmentScenario$EmptyFragmentActivity (has extras) }, activity.getIntent()=Intent { act=android.intent.action.MAIN cat=[android.intent.category.LAUNCHER] flg=0x10008000 cmp=com.example.lunchtray/androidx.test.core.app.InstrumentationActivityInvoker$BootstrapActivity (has extras) }, activity=androidx.test.core.app.InstrumentationActivityInvoker$BootstrapActivity@1ef8530
09-07 07:31:11.962   361   386 D goldfish-address-space: claimShared: Ask to claim region [0x3f1974000 0x3f2318000]
09-07 07:31:11.991 16950 16950 D LifecycleMonitor: Lifecycle status change: androidx.test.core.app.InstrumentationActivityInvoker$BootstrapActivity@1ef8530 in: RESUMED
09-07 07:31:11.991 16950 16950 V ActivityScenario: Activity lifecycle changed event received but ignored because the intent does not match. startActivityIntent=Intent { act=android.intent.action.MAIN cat=[android.intent.category.LAUNCHER] cmp=com.example.lunchtray/androidx.fragment.app.testing.FragmentScenario$EmptyFragmentActivity (has extras) }, activity.getIntent()=Intent { act=android.intent.action.MAIN cat=[android.intent.category.LAUNCHER] flg=0x10008000 cmp=com.example.lunchtray/androidx.test.core.app.InstrumentationActivityInvoker$BootstrapActivity (has extras) }, activity=androidx.test.core.app.InstrumentationActivityInvoker$BootstrapActivity@1ef8530
09-07 07:31:12.026 16950 16950 D LifecycleMonitor: Lifecycle status change: androidx.test.core.app.InstrumentationActivityInvoker$BootstrapActivity@1ef8530 in: PAUSED
09-07 07:31:12.028 16950 16950 V ActivityScenario: Activity lifecycle changed event received but ignored because the intent does not match. startActivityIntent=Intent { act=android.intent.action.MAIN cat=[android.intent.category.LAUNCHER] cmp=com.example.lunchtray/androidx.fragment.app.testing.FragmentScenario$EmptyFragmentActivity (has extras) }, activity.getIntent()=Intent { act=android.intent.action.MAIN cat=[android.intent.category.LAUNCHER] flg=0x10008000 cmp=com.example.lunchtray/androidx.test.core.app.InstrumentationActivityInvoker$BootstrapActivity (has extras) }, activity=androidx.test.core.app.InstrumentationActivityInvoker$BootstrapActivity@1ef8530
09-07 07:31:12.120 10513 10513 I A       : onApplyWindowInsets: systemWindowInsets=Insets{left=0, top=145, right=0, bottom=132}
09-07 07:31:12.130 10513 10513 I A       : onApplyWindowInsets: Adjusting for display cutouts. Safe insets: left=0, top=136, right=0, bottom=0
09-07 07:31:12.132 10513 10513 I A       : onApplyWindowInsets: systemWindowInsets=Insets{left=0, top=145, right=0, bottom=132}
09-07 07:31:12.154 16950 16950 D LifecycleMonitor: Lifecycle status change: androidx.fragment.app.testing.FragmentScenario$EmptyFragmentActivity@3d254b6 in: PRE_ON_CREATE
09-07 07:31:12.157 16950 16950 V ActivityScenario: Activity lifecycle changed event received but ignored because the reported transition was not ON_CREATE while the last known transition was PRE_ON_CREATE
09-07 07:31:12.192 16950 16950 D LifecycleMonitor: Lifecycle status change: androidx.fragment.app.testing.FragmentScenario$EmptyFragmentActivity@3d254b6 in: CREATED
09-07 07:31:12.192 16950 16950 V ActivityScenario: Update currentActivityStage to CREATED, currentActivity=androidx.fragment.app.testing.FragmentScenario$EmptyFragmentActivity@3d254b6
09-07 07:31:12.205 16950 16950 D LifecycleMonitor: Lifecycle status change: androidx.fragment.app.testing.FragmentScenario$EmptyFragmentActivity@3d254b6 in: STARTED
09-07 07:31:12.206 16950 16950 V ActivityScenario: Update currentActivityStage to STARTED, currentActivity=androidx.fragment.app.testing.FragmentScenario$EmptyFragmentActivity@3d254b6
09-07 07:31:12.207 16950 16950 D LifecycleMonitor: Lifecycle status change: androidx.fragment.app.testing.FragmentScenario$EmptyFragmentActivity@3d254b6 in: RESUMED
09-07 07:31:12.207 16950 16950 V ActivityScenario: Update currentActivityStage to RESUMED, currentActivity=androidx.fragment.app.testing.FragmentScenario$EmptyFragmentActivity@3d254b6
09-07 07:31:12.234   361   386 D goldfish-address-space: claimShared: Ask to claim region [0x3f4c58000 0x3f55fc000]
09-07 07:31:12.241   361   386 D goldfish-address-space: claimShared: Ask to claim region [0x3f55fc000 0x3f5fa0000]
09-07 07:31:12.297   361   386 D goldfish-address-space: claimShared: Ask to claim region [0x3f5fa0000 0x3f6944000]
09-07 07:31:12.307   883   976 D EGL_emulation: app_time_stats: avg=48.69ms min=2.46ms max=502.32ms count=16
09-07 07:31:12.403  1562  1562 I GoogleInputMethodService: GoogleInputMethodService.onFinishInput():3420
09-07 07:31:12.404  1562  1562 I GoogleInputMethodService: GoogleInputMethodService.onStartInput():2002
09-07 07:31:12.405  1562  1562 I DeviceUnlockedTag: DeviceUnlockedTag.notifyDeviceLockStatusChanged():31 Notify device unlocked.
09-07 07:31:12.449 16950 16950 I ViewInteraction: Performing 'single click' action on view view.getId() is <2131230844/com.example.lunchtray:id/cauliflower>
09-07 07:31:12.524 16950 16950 D LifecycleMonitor: Lifecycle status change: androidx.test.core.app.InstrumentationActivityInvoker$BootstrapActivity@1ef8530 in: STOPPED
09-07 07:31:12.524 16950 16950 V ActivityScenario: Activity lifecycle changed event received but ignored because the intent does not match. startActivityIntent=Intent { act=android.intent.action.MAIN cat=[android.intent.category.LAUNCHER] cmp=com.example.lunchtray/androidx.fragment.app.testing.FragmentScenario$EmptyFragmentActivity (has extras) }, activity.getIntent()=Intent { act=android.intent.action.MAIN cat=[android.intent.category.LAUNCHER] flg=0x10008000 cmp=com.example.lunchtray/androidx.test.core.app.InstrumentationActivityInvoker$BootstrapActivity (has extras) }, activity=androidx.test.core.app.InstrumentationActivityInvoker$BootstrapActivity@1ef8530
09-07 07:31:12.649   562  2417 W InputManager-JNI: Input channel object 'c673236 Splash Screen com.example.lunchtray (client)' was disposed without first being removed with the input manager!
09-07 07:31:12.871 16950 16950 I ViewInteraction: Checking 'MatchesViewAssertion{viewMatcher=an instance of android.widget.TextView and view.getText() with or without transformation to match: a string containing "Subtotal: $7.00"}' assertion on view view.getId() is <2131231217/com.example.lunchtray:id/subtotal>
09-07 07:31:12.887 16950 16950 I ViewInteraction: Performing 'single click' action on view view.getId() is <2131230858/com.example.lunchtray:id/chili>
09-07 07:31:13.273 16950 16950 I ViewInteraction: Checking 'MatchesViewAssertion{viewMatcher=an instance of android.widget.TextView and view.getText() with or without transformation to match: a string containing "Subtotal: $4.00"}' assertion on view view.getId() is <2131231217/com.example.lunchtray:id/subtotal>
09-07 07:31:13.277 16950 16950 I ViewInteraction: Performing 'single click' action on view view.getId() is <2131231106/com.example.lunchtray:id/pasta>
09-07 07:31:13.308   883   976 D EGL_emulation: app_time_stats: avg=10.06ms min=2.28ms max=46.39ms count=44
09-07 07:31:13.409 16950 16973 D EGL_emulation: app_time_stats: avg=11.05ms min=2.82ms max=100.98ms count=49
09-07 07:31:13.671 16950 16950 I ViewInteraction: Checking 'MatchesViewAssertion{viewMatcher=an instance of android.widget.TextView and view.getText() with or without transformation to match: a string containing "Subtotal: $5.50"}' assertion on view view.getId() is <2131231217/com.example.lunchtray:id/subtotal>
09-07 07:31:13.676 16950 16950 I ViewInteraction: Performing 'single click' action on view view.getId() is <2131231175/com.example.lunchtray:id/skillet>
09-07 07:31:14.266 16950 16950 I ViewInteraction: Checking 'MatchesViewAssertion{viewMatcher=an instance of android.widget.TextView and view.getText() with or without transformation to match: a string containing "Subtotal: $5.50"}' assertion on view view.getId() is <2131231217/com.example.lunchtray:id/subtotal>
09-07 07:31:14.268 16950 16971 I TestRunner: finished: radio_buttons_update_entree_menu_subtotal(com.example.lunchtray.OrderFunctionalityTests)
