09-07 07:31:15.037 16950 16971 I TestRunner: started: order_reset_after_cancel_from_checkout(com.example.lunchtray.OrderFunctionalityTests)
09-07 07:31:15.053 16950 16971 W Settings: Setting always_finish_activities has moved from android.provider.Settings.System to android.provider.Settings.Global, returning read-only value.
09-07 07:31:15.084   883   974 D SplashScreenView: Build android.window.SplashScreenView{5bc7b12 V.E...... ......ID 0,0-0,0}
09-07 07:31:15.084   883   974 D SplashScreenView: Icon: view: null drawable: null size: 0
09-07 07:31:15.084   883   974 D SplashScreenView: Branding: view: android.view.View{ac12e3 G.ED..... ......I. 0,0-0,0 #10204a6 android:id/splashscreen_branding_view} drawable: null size w: 0 h: 0
09-07 07:31:15.123 16950 16950 D LifecycleMonitor: Lifecycle status change: androidx.test.core.app.InstrumentationActivityInvoker$BootstrapActivity@3e17b9d in: PRE_ON_CREATE
09-07 07:31:15.123 16950 16950 V ActivityScenario: Activity lifecycle changed event received but ignored because the intent does not match. startActivityIntent=Intent { act=android.intent.action.MAIN cat=[android.intent.category.LAUNCHER] cmp=com.example.lunchtray/androidx.fragment.app.testing.FragmentScenario$EmptyFragmentActivity (has extras) }, activity.getIntent()=Intent { act=android.intent.action.MAIN cat=[android.intent.category.LAUNCHER] flg=0x10008000 cmp=com.example.lunchtray/androidx.test.core.app.InstrumentationActivityInvoker$BootstrapActivity (has extras) }, activity=androidx.test.core.app.InstrumentationActivityInvoker$BootstrapActivity@3e17b9d
09-07 07:31:15.125 16950 16950 V ActivityScenario: Activity lifecycle changed event received but ignored because the intent does not match. startActivityIntent=Intent { act=android.intent.action.MAIN cat=[android.intent.category.LAUNCHER] cmp=com.example.lunchtray/.MainActivity }, activity.getIntent()=Intent { act=android.intent.action.MAIN cat=[android.intent.category.LAUNCHER] flg=0x10008000 cmp=com.example.lunchtray/androidx.test.core.app.InstrumentationActivityInvoker$BootstrapActivity (has extras) }, activity=androidx.test.core.app.InstrumentationActivityInvoker$BootstrapActivity@3e17b9d
09-07 07:31:15.125   361   386 D goldfish-address-space: claimShared: Ask to claim region [0x3f49a4000 0x3f5348000]
09-07 07:31:15.137 16950 16950 D LifecycleMonitor: Lifecycle status change: androidx.test.core.app.InstrumentationActivityInvoker$BootstrapActivity@3e17b9d in: CREATED
09-07 07:31:15.138 16950 16950 V ActivityScenario: Activity lifecycle changed event received but ignored because the intent does not match. startActivityIntent=Intent { act=android.intent.action.MAIN cat=[android.intent.category.LAUNCHER] cmp=com.example.lunchtray/androidx.fragment.app.testing.FragmentScenario$EmptyFragmentActivity (has extras) }, activity.getIntent()=Intent { act=android.intent.action.MAIN cat=[android.intent.category.LAUNCHER] flg=0x10008000 cmp=com.example.lunchtray/androidx.test.core.app.InstrumentationActivityInvoker$BootstrapActivity (has extras) }, activity=androidx.test.core.app.InstrumentationActivityInvoker$BootstrapActivity@3e17b9d
09-07 07:31:15.138 16950 16950 V ActivityScenario: Activity lifecycle changed event received but ignored because the intent does not match. startActivityIntent=Intent { act=android.intent.action.MAIN cat=[android.intent.category.LAUNCHER] cmp=com.example.lunchtray/.MainActivity }, activity.getIntent()=Intent { act=android.intent.action.MAIN cat=[android.intent.category.LAUNCHER] flg=0x10008000 cmp=com.example.lunchtray/androidx.test.core.app.InstrumentationActivityInvoker$BootstrapActivity (has extras) }, activity=androidx.test.core.app.InstrumentationActivityInvoker$BootstrapActivity@3e17b9d
09-07 07:31:15.141 16950 16950 D LifecycleMonitor: Lifecycle status change: androidx.test.core.app.InstrumentationActivityInvoker$BootstrapActivity@3e17b9d in: STARTED
09-07 07:31:15.141 16950 16950 V ActivityScenario: Activity lifecycle changed event received but ignored because the intent does not match. startActivityIntent=Intent { act=android.intent.action.MAIN cat=[android.intent.category.LAUNCHER] cmp=com.example.lunchtray/androidx.fragment.app.testing.FragmentScenario$EmptyFragmentActivity (has extras) }, activity.getIntent()=Intent { act=android.intent.action.MAIN cat=[android.intent.category.LAUNCHER] flg=0x10008000 cmp=com.example.lunchtray/androidx.test.core.app.InstrumentationActivityInvoker$BootstrapActivity (has extras) }, activity=androidx.test.core.app.InstrumentationActivityInvoker$BootstrapActivity@3e17b9d
09-07 07:31:15.142 16950 16950 V ActivityScenario: Activity lifecycle changed event received but ignored because the intent does not match. startActivityIntent=Intent { act=android.intent.action.MAIN cat=[android.intent.category.LAUNCHER] cmp=com.example.lunchtray/.MainActivity }, activity.getIntent()=Intent { act=android.intent.action.MAIN cat=[android.intent.category.LAUNCHER] flg=0x10008000 cmp=com.example.lunchtray/androidx.test.core.app.InstrumentationActivityInvoker$BootstrapActivity (has extras) }, activity=androidx.test.core.app.InstrumentationActivityInvoker$BootstrapActivity@3e17b9d
09-07 07:31:15.147   361   386 D goldfish-address-space: claimShared: Ask to claim region [0x3f5348000 0x3f5cec000]
09-07 07:31:15.156   361   361 D goldfish-address-space: claimShared: Ask to claim region [0x3f5cec000 0x3f6690000]
09-07 07:31:15.158 16950 16950 D LifecycleMonitor: Lifecycle status change: androidx.test.core.app.InstrumentationActivityInvoker$BootstrapActivity@3e17b9d in: RESUMED
09-07 07:31:15.159 16950 16950 V ActivityScenario: Activity lifecycle changed event received but ignored because the intent does not match. startActivityIntent=Intent { act=android.intent.action.MAIN cat=[android.intent.category.LAUNCHER] cmp=com.example.lunchtray/androidx.fragment.app.testing.FragmentScenario$EmptyFragmentActivity (has extras) }, activity.getIntent()=Intent { act=android.intent.action.MAIN cat=[android.intent.category.LAUNCHER] flg=0x10008000 cmp=com.example.lunchtray/androidx.test.core.app.InstrumentationActivityInvoker$BootstrapActivity (has extras) }, activity=androidx.test.core.app.InstrumentationActivityInvoker$BootstrapActivity@3e17b9d
09-07 07:31:15.159 16950 16950 V ActivityScenario: Activity lifecycle changed event received but ignored because the intent does not match. startActivityIntent=Intent { act=android.intent.action.MAIN cat=[android.intent.category.LAUNCHER] cmp=com.example.lunchtray/.MainActivity }, activity.getIntent()=Intent { act=android.intent.action.MAIN cat=[android.intent.category.LAUNCHER] flg=0x10008000 cmp=com.example.lunchtray/androidx.test.core.app.InstrumentationActivityInvoker$BootstrapActivity (has extras) }, activity=androidx.test.core.app.InstrumentationActivityInvoker$BootstrapActivity@3e17b9d
09-07 07:31:15.181 16950 16950 D LifecycleMonitor: Lifecycle status change: androidx.test.core.app.InstrumentationActivityInvoker$BootstrapActivity@3e17b9d in: PAUSED
09-07 07:31:15.182 16950 16950 V ActivityScenario: Activity lifecycle changed event received but ignored because the intent does not match. startActivityIntent=Intent { act=android.intent.action.MAIN cat=[android.intent.category.LAUNCHER] cmp=com.example.lunchtray/androidx.fragment.app.testing.FragmentScenario$EmptyFragmentActivity (has extras) }, activity.getIntent()=Intent { act=android.intent.action.MAIN cat=[android.intent.category.LAUNCHER] flg=0x10008000 cmp=com.example.lunchtray/androidx.test.core.app.InstrumentationActivityInvoker$BootstrapActivity (has extras) }, activity=androidx.test.core.app.InstrumentationActivityInvoker$BootstrapActivity@3e17b9d
09-07 07:31:15.183 16950 16950 V ActivityScenario: Activity lifecycle changed event received but ignored because the intent does not match. startActivityIntent=Intent { act=android.intent.action.MAIN cat=[android.intent.category.LAUNCHER] cmp=com.example.lunchtray/.MainActivity }, activity.getIntent()=Intent { act=android.intent.action.MAIN cat=[android.intent.category.LAUNCHER] flg=0x10008000 cmp=com.example.lunchtray/androidx.test.core.app.InstrumentationActivityInvoker$BootstrapActivity (has extras) }, activity=androidx.test.core.app.InstrumentationActivityInvoker$BootstrapActivity@3e17b9d
09-07 07:31:15.204  2018  2018 I GsaVoiceInteractionSrv: Handling ACTION_STOP_HOTWORD
09-07 07:31:15.209  2018  2018 E HwDetectorWithState: a: 3
09-07 07:31:15.223 16950 16950 D LifecycleMonitor: Lifecycle status change: com.example.lunchtray.MainActivity@25e276a in: PRE_ON_CREATE
09-07 07:31:15.224 16950 16950 V ActivityScenario: Activity lifecycle changed event received but ignored because the intent does not match. startActivityIntent=Intent { act=android.intent.action.MAIN cat=[android.intent.category.LAUNCHER] cmp=com.example.lunchtray/androidx.fragment.app.testing.FragmentScenario$EmptyFragmentActivity (has extras) }, activity.getIntent()=Intent { act=android.intent.action.MAIN cat=[android.intent.category.LAUNCHER] cmp=com.example.lunchtray/.MainActivity }, activity=com.example.lunchtray.MainActivity@25e276a
09-07 07:31:15.224 16950 16950 V ActivityScenario: Activity lifecycle changed event received but ignored because the reported transition was not ON_CREATE while the last known transition was PRE_ON_CREATE
09-07 07:31:15.262 16950 16950 D LifecycleMonitor: Lifecycle status change: com.example.lunchtray.MainActivity@25e276a in: CREATED
09-07 07:31:15.263 16950 16950 V ActivityScenario: Activity lifecycle changed event received but ignored because the intent does not match. startActivityIntent=Intent { act=android.intent.action.MAIN cat=[android.intent.category.LAUNCHER] cmp=com.example.lunchtray/androidx.fragment.app.testing.FragmentScenario$EmptyFragmentActivity (has extras) }, activity.getIntent()=Intent { act=android.intent.action.MAIN cat=[android.intent.category.LAUNCHER] cmp=com.example.lunchtray/.MainActivity }, activity=com.example.lunchtray.MainActivity@25e276a
09-07 07:31:15.263 16950 16950 V ActivityScenario: Update currentActivityStage to CREATED, currentActivity=com.example.lunchtray.MainActivity@25e276a
09-07 07:31:15.276 16950 16950 D LifecycleMonitor: Lifecycle status change: com.example.lunchtray.MainActivity@25e276a in: STARTED
09-07 07:31:15.276 16950 16950 V ActivityScenario: Activity lifecycle changed event received but ignored because the intent does not match. startActivityIntent=Intent { act=android.intent.action.MAIN cat=[android.intent.category.LAUNCHER] cmp=com.example.lunchtray/androidx.fragment.app.testing.FragmentScenario$EmptyFragmentActivity (has extras) }, activity.getIntent()=Intent { act=android.intent.action.MAIN cat=[android.intent.category.LAUNCHER] cmp=com.example.lunchtray/.MainActivity }, activity=com.example.lunchtray.MainActivity@25e276a
09-07 07:31:15.277 16950 16950 V ActivityScenario: Update currentActivityStage to STARTED, currentActivity=com.example.lunchtray.MainActivity@25e276a
09-07 07:31:15.279 16950 16950 D LifecycleMonitor: Lifecycle status change: com.example.lunchtray.MainActivity@25e276a in: RESUMED
09-07 07:31:15.280 16950 16950 V ActivityScenario: Activity lifecycle changed event received but ignored because the intent does not match. startActivityIntent=Intent { act=android.intent.action.MAIN cat=[android.intent.category.LAUNCHER] cmp=com.example.lunchtray/androidx.fragment.app.testing.FragmentScenario$EmptyFragmentActivity (has extras) }, activity.getIntent()=Intent { act=android.intent.action.MAIN cat=[android.intent.category.LAUNCHER] cmp=com.example.lunchtray/.MainActivity }, activity=com.example.lunchtray.MainActivity@25e276a
09-07 07:31:15.280 16950 16950 V ActivityScenario: Update currentActivityStage to RESUMED, currentActivity=com.example.lunchtray.MainActivity@25e276a
09-07 07:31:15.300 16950 16950 D LifecycleMonitor: Lifecycle status change: androidx.test.core.app.InstrumentationActivityInvoker$BootstrapActivity@3e17b9d in: STOPPED
09-07 07:31:15.300 16950 16950 V ActivityScenario: Activity lifecycle changed event received but ignored because the intent does not match. startActivityIntent=Intent { act=android.intent.action.MAIN cat=[android.intent.category.LAUNCHER] cmp=com.example.lunchtray/androidx.fragment.app.testing.FragmentScenario$EmptyFragmentActivity (has extras) }, activity.getIntent()=Intent { act=android.intent.action.MAIN cat=[android.intent.category.LAUNCHER] flg=0x10008000 cmp=com.example.lunchtray/androidx.test.core.app.InstrumentationActivityInvoker$BootstrapActivity (has extras) }, activity=androidx.test.core.app.InstrumentationActivityInvoker$BootstrapActivity@3e17b9d
09-07 07:31:15.301 16950 16950 V ActivityScenario: Activity lifecycle changed event received but ignored because the intent does not match. startActivityIntent=Intent { act=android.intent.action.MAIN cat=[android.intent.category.LAUNCHER] cmp=com.example.lunchtray/.MainActivity }, activity.getIntent()=Intent { act=android.intent.action.MAIN cat=[android.intent.category.LAUNCHER] flg=0x10008000 cmp=com.example.lunchtray/androidx.test.core.app.InstrumentationActivityInvoker$BootstrapActivity (has extras) }, activity=androidx.test.core.app.InstrumentationActivityInvoker$BootstrapActivity@3e17b9d
09-07 07:31:15.325   361   361 D goldfish-address-space: claimShared: Ask to claim region [0x3fb1d8000 0x3fbb7c000]
09-07 07:31:15.351   361   361 D goldfish-address-space: claimShared: Ask to claim region [0x3f8000000 0x3f89a4000]
09-07 07:31:15.364   361   386 D goldfish-address-space: claimShared: Ask to claim region [0x3f89a4000 0x3f9348000]
09-07 07:31:15.399   562   616 I ActivityTaskManager: Displayed com.example.lunchtray/.MainActivity: +326ms
09-07 07:31:15.414 16950 16950 D RootViewPicker: Root not ready - waiting: 10ms for one to appear.
09-07 07:31:15.438  1562  1562 I GoogleInputMethodService: GoogleInputMethodService.onFinishInput():3420
09-07 07:31:15.438  1562  1562 I GoogleInputMethodService: GoogleInputMethodService.onStartInput():2002
09-07 07:31:15.442  1562  1562 I DeviceUnlockedTag: DeviceUnlockedTag.notifyDeviceLockStatusChanged():31 Notify device unlocked.
09-07 07:31:15.533 10513 10513 I A       : onApplyWindowInsets: systemWindowInsets=Insets{left=0, top=145, right=0, bottom=132}
09-07 07:31:15.539 10513 10513 I A       : onApplyWindowInsets: Adjusting for display cutouts. Safe insets: left=0, top=136, right=0, bottom=0
09-07 07:31:15.539 10513 10513 I A       : onApplyWindowInsets: systemWindowInsets=Insets{left=0, top=145, right=0, bottom=132}
09-07 07:31:15.542 16950 16950 I ViewInteraction: Performing 'single click' action on view view.getId() is <2131231208/com.example.lunchtray:id/start_order_btn>
09-07 07:31:15.657   883   976 D EGL_emulation: app_time_stats: avg=46.93ms min=2.38ms max=636.30ms count=17
09-07 07:31:15.741   562  2419 W InputManager-JNI: Input channel object '2b60871 Splash Screen com.example.lunchtray (client)' was disposed without first being removed with the input manager!
09-07 07:31:16.047 16950 16950 I ViewInteraction: Performing 'single click' action on view view.getId() is <2131230844/com.example.lunchtray:id/cauliflower>
09-07 07:31:16.407 16950 16950 I ViewInteraction: Performing 'single click' action on view view.getId() is <2131231081/com.example.lunchtray:id/next_button>
09-07 07:31:16.423 16950 16973 D EGL_emulation: app_time_stats: avg=12.10ms min=2.90ms max=196.36ms count=43
09-07 07:31:16.671   883   976 D EGL_emulation: app_time_stats: avg=4.64ms min=1.79ms max=41.58ms count=58
09-07 07:31:16.674  4778 16545 I NetworkScheduler.Stats: Task com.google.android.gms/com.google.android.gms.gcm.HeartbeatAlarm$ConnectionInfoPersistService started execution. cause:4 exec_start_elapsed_seconds: 282019 [CONTEXT service_id=218 ]
09-07 07:31:16.703  4778 14096 I NetworkScheduler.Stats: Task com.google.android.gms/com.google.android.gms.gcm.HeartbeatAlarm$ConnectionInfoPersistService finished executing. cause:4 result: 1 elapsed_millis: 53 uptime_millis: 53 exec_start_elapsed_seconds: 282019 [CONTEXT service_id=218 ]
09-07 07:31:16.719  4965 16291 I TelephonySpamChimeraSer: Running Telephony Spam Chimera Service [CONTEXT service_id=150 ]
09-07 07:31:16.727  4965 16291 I TelephonySpamChimeraSer: Cleaning SIP Header local table of old entries [CONTEXT service_id=150 ]
09-07 07:31:16.732  4965 16291 I SpamListSync: Call spam module disabled. Skipping cleaning cache sip header table. [CONTEXT service_id=150 ]
09-07 07:31:16.737  4965 16291 I TelephonySpamChimeraSer: Syncing Call Spam List [CONTEXT service_id=150 ]
09-07 07:31:16.740  4965 16291 I SpamListSync: SpamListSyncChimeraService.syncSpamList called with tag: telephonyspam.SpamListSyncTask, extras: Bundle[{SpamList Type=0, Action=1.0}] [CONTEXT service_id=150 ]
09-07 07:31:16.741  4778 14096 I NetworkScheduler.Stats: Task com.google.android.gms/com.google.android.gms.telephonyspam.sync.SpamListSyncTaskService started execution. cause:4 exec_start_elapsed_seconds: 282019 [CONTEXT service_id=218 ]
09-07 07:31:16.744  4965 16291 I SpamListSync: Call spam module disabled. Skipping spam list syncing. [CONTEXT service_id=150 ]
09-07 07:31:16.746  4965 16291 I TelephonySpamChimeraSer: Syncing Sms Spam List [CONTEXT service_id=150 ]
09-07 07:31:16.749  4965 16291 I SpamListSync: SpamListSyncChimeraService.syncSpamList called with tag: telephonyspam.SpamListSyncTask, extras: Bundle[{SpamList Type=1, Action=1.0}] [CONTEXT service_id=150 ]
09-07 07:31:16.752  4965 16291 I SpamListSync: SMS spam module disabled. Skipping spam list syncing. [CONTEXT service_id=150 ]
09-07 07:31:16.760 16950 16950 I ViewInteraction: Performing 'single click' action on view view.getId() is <2131231138/com.example.lunchtray:id/salad>
09-07 07:31:16.792  4778 13791 I NetworkScheduler.Stats: Task com.google.android.gms/com.google.android.gms.telephonyspam.sync.SpamListSyncTaskService finished executing. cause:4 result: 1 elapsed_millis: 122 uptime_millis: 123 exec_start_elapsed_seconds: 282019 [CONTEXT service_id=218 ]
09-07 07:31:16.841  4778 13791 I NetworkScheduler.Stats: Task com.google.android.gms/com.google.android.gms.ipa.base.IpaGcmTaskService started execution. cause:5 exec_start_elapsed_seconds: 282019 [CONTEXT service_id=218 ]
09-07 07:31:16.846  4778 13791 I NetworkScheduler.Stats: Task com.google.android.gms/com.google.android.gms.ipa.base.IpaGcmTaskService finished executing. cause:5 result: 1 elapsed_millis: 32 uptime_millis: 32 exec_start_elapsed_seconds: 282019 [CONTEXT service_id=218 ]
09-07 07:31:17.070 16950 16950 I ViewInteraction: Performing 'single click' action on view view.getId() is <2131231081/com.example.lunchtray:id/next_button>
09-07 07:31:17.512 16950 16950 I ViewInteraction: Performing 'single click' action on view view.getId() is <2131230835/com.example.lunchtray:id/bread>
09-07 07:31:17.571 16950 16973 D EGL_emulation: app_time_stats: avg=23.98ms min=3.88ms max=200.08ms count=45
09-07 07:31:17.872 16950 16950 I ViewInteraction: Performing 'single click' action on view view.getId() is <2131231081/com.example.lunchtray:id/next_button>
09-07 07:31:18.235 16950 16950 I ViewInteraction: Performing 'single click' action on view view.getId() is <2131230842/com.example.lunchtray:id/cancel_button>
09-07 07:31:18.553 16950 16950 I ViewInteraction: Performing 'single click' action on view view.getId() is <2131231208/com.example.lunchtray:id/start_order_btn>
09-07 07:31:18.584 16950 16973 D EGL_emulation: app_time_stats: avg=23.37ms min=9.68ms max=180.50ms count=42
09-07 07:31:18.931 16950 16950 I ViewInteraction: Checking 'MatchesViewAssertion{viewMatcher=(view has effective visibility <VISIBLE> and view.getGlobalVisibleRect() to return non-empty rectangle)}' assertion on view an instance of android.widget.TextView and view.getText() with or without transformation to match: is "Subtotal: $0.00"
09-07 07:31:18.932 16950 16971 I TestRunner: finished: order_reset_after_cancel_from_checkout(com.example.lunchtray.OrderFunctionalityTests)
